0 verbose cli /opt/homebrew/Cellar/node/26.3.0/bin/node /opt/homebrew/bin/npm
1 info using npm@11.17.0
2 info using node@v26.3.0
3 silly config load:file:/opt/homebrew/lib/node_modules/npm/npmrc
4 silly config load:file:/Users/ganesaa/Documents/Websites Assets/Potential Client/gym-paradise-web/.npmrc
5 silly config load:file:/Users/ganesaa/.npmrc
6 silly config load:file:/opt/homebrew/etc/npmrc
7 verbose title npm install gsap @gsap/react
8 verbose argv "install" "gsap" "@gsap/react" "--cache" ".npm-cache"
9 verbose logfile logs-max:10 dir:/Users/ganesaa/Documents/Websites Assets/Potential Client/gym-paradise-web/.npm-cache/_logs/2026-07-06T04_07_46_163Z-
10 verbose logfile /Users/ganesaa/Documents/Websites Assets/Potential Client/gym-paradise-web/.npm-cache/_logs/2026-07-06T04_07_46_163Z-debug-0.log
11 silly logfile done cleaning log files
12 http fetch GET https://registry.npmjs.org/npm attempt 1 failed with ENOTFOUND
13 silly packumentCache heap:4395630592 maxSize:1098907648 maxEntrySize:549453824
14 silly idealTree buildDeps
15 silly fetch manifest gsap@*
16 silly packumentCache full:https://registry.npmjs.org/gsap cache-miss
17 http fetch GET https://registry.npmjs.org/gsap attempt 1 failed with ENOTFOUND
18 http fetch GET https://registry.npmjs.org/npm attempt 2 failed with ENOTFOUND
19 http fetch GET https://registry.npmjs.org/gsap attempt 2 failed with ENOTFOUND
20 http fetch GET https://registry.npmjs.org/npm attempt 3 failed with ENOTFOUND
21 http fetch GET https://registry.npmjs.org/gsap attempt 3 failed with ENOTFOUND
22 silly fetch manifest @gsap/react@*
23 silly packumentCache full:https://registry.npmjs.org/@gsap%2freact cache-miss
24 http fetch GET https://registry.npmjs.org/@gsap%2freact attempt 1 failed with ENOTFOUND
25 http fetch GET https://registry.npmjs.org/@gsap%2freact attempt 2 failed with ENOTFOUND
26 http fetch GET https://registry.npmjs.org/@gsap%2freact attempt 3 failed with ENOTFOUND
27 silly placeDep ROOT @gsap/react@ OK for: gym-paradise-web@0.1.0 want: *
28 silly placeDep ROOT gsap@ OK for: gym-paradise-web@0.1.0 want: *
29 verbose type system
30 verbose stack FetchError: request to https://registry.npmjs.org/@gsap%2freact failed, reason: getaddrinfo ENOTFOUND registry.npmjs.org
30 verbose stack     at ClientRequest.<anonymous> (/opt/homebrew/lib/node_modules/npm/node_modules/minipass-fetch/lib/index.js:130:14)
30 verbose stack     at ClientRequest.emit (node:events:509:20)
30 verbose stack     at emitErrorEvent (node:_http_client:111:11)
30 verbose stack     at _destroy (node:_http_client:1006:9)
30 verbose stack     at onSocketNT (node:_http_client:1027:5)
30 verbose stack     at process.processTicksAndRejections (node:internal/process/task_queues:91:21)
31 error code ENOTFOUND
32 error syscall getaddrinfo
33 error errno ENOTFOUND
34 error network request to https://registry.npmjs.org/@gsap%2freact failed, reason: getaddrinfo ENOTFOUND registry.npmjs.org
35 error network This is a problem related to network connectivity.
35 error network In most cases you are behind a proxy or have bad network settings.
35 error network
35 error network If you are behind a proxy, please make sure that the 'proxy' config is set properly.  See: 'npm help config'
36 silly unfinished npm timer reify 1783310866336
37 silly unfinished npm timer reify:loadTrees 1783310866336
38 verbose cwd /Users/ganesaa/Documents/Websites Assets/Potential Client/gym-paradise-web
39 verbose os Darwin 25.5.0
40 verbose node v26.3.0
41 verbose npm  v11.17.0
42 verbose exit 1
43 verbose code 1
44 error A complete log of this run can be found in: /Users/ganesaa/Documents/Websites Assets/Potential Client/gym-paradise-web/.npm-cache/_logs/2026-07-06T04_07_46_163Z-debug-0.log
